pkg_config: checking for pkg-config for plutobook... -------------------- not found

DYLD_LIBRARY_PATH=.:/Users/dixpac/.asdf/installs/ruby/3.3.5/lib pkg-config --exists plutobook
package configuration for plutobook is not found
--------------------

have_header: checking for plutobook/plutobook.h... -------------------- yes

DYLD_LIBRARY_PATH=.:/Users/dixpac/.asdf/installs/ruby/3.3.5/lib "clang -o conftest -I/Users/dixpac/.asdf/installs/ruby/3.3.5/include/ruby-3.3.0/arm64-darwin22 -I/Users/dixpac/.asdf/installs/ruby/3.3.5/include/ruby-3.3.0/ruby/backward -I/Users/dixpac/.asdf/installs/ruby/3.3.5/include/ruby-3.3.0 -Iext/page_print -I/opt/homebrew/opt/plutobook/include -D_XOPEN_SOURCE -D_DARWIN_C_SOURCE -D_DARWIN_UNLIMITED_SELECT -D_REENTRANT   -fdeclspec -O3 -fno-fast-math -ggdb3 -Wall -Wextra -Wextra-tokens -Wdeprecated-declarations -Wdivision-by-zero -Wdiv-by-zero -Wimplicit-function-declaration -Wimplicit-int -Wpointer-arith -Wshorten-64-to-32 -Wwrite-strings -Wold-style-definition -Wmissing-noreturn -Wno-cast-function-type -Wno-constant-logical-operand -Wno-long-long -Wno-missing-field-initializers -Wno-overlength-strings -Wno-parentheses-equality -Wno-self-assign -Wno-tautological-compare -Wno-unused-parameter -Wno-unused-value -Wunused-variable -Wmisleading-indentation -Wundef -fno-common -pipe conftest.c  -L. -L/Users/dixpac/.asdf/installs/ruby/3.3.5/lib -L/opt/homebrew/opt/plutobook/lib -L. -fstack-protector-strong -L/opt/homebrew/opt/gmp/lib  -arch arm64   -lruby.3.3  -lpthread  "
checked program was:
/* begin */
1: #include "ruby.h"
2: 
3: int main(int argc, char **argv)
4: {
5:   return !!argv[argc];
6: }
/* end */

DYLD_LIBRARY_PATH=.:/Users/dixpac/.asdf/installs/ruby/3.3.5/lib "clang -I/Users/dixpac/.asdf/installs/ruby/3.3.5/include/ruby-3.3.0/arm64-darwin22 -I/Users/dixpac/.asdf/installs/ruby/3.3.5/include/ruby-3.3.0/ruby/backward -I/Users/dixpac/.asdf/installs/ruby/3.3.5/include/ruby-3.3.0 -Iext/page_print -I/opt/homebrew/opt/plutobook/include -D_XOPEN_SOURCE -D_DARWIN_C_SOURCE -D_DARWIN_UNLIMITED_SELECT -D_REENTRANT   -fdeclspec -O3 -fno-fast-math -ggdb3 -Wall -Wextra -Wextra-tokens -Wdeprecated-declarations -Wdivision-by-zero -Wdiv-by-zero -Wimplicit-function-declaration -Wimplicit-int -Wpointer-arith -Wshorten-64-to-32 -Wwrite-strings -Wold-style-definition -Wmissing-noreturn -Wno-cast-function-type -Wno-constant-logical-operand -Wno-long-long -Wno-missing-field-initializers -Wno-overlength-strings -Wno-parentheses-equality -Wno-self-assign -Wno-tautological-compare -Wno-unused-parameter -Wno-unused-value -Wunused-variable -Wmisleading-indentation -Wundef -fno-common -pipe -arch arm64  -c conftest.c"
checked program was:
/* begin */
1: #include "ruby.h"
2: 
3: #include <plutobook/plutobook.h>
/* end */

--------------------

have_library: checking for plutobook_version_string() in -lplutobook... -------------------- yes

DYLD_LIBRARY_PATH=.:/Users/dixpac/.asdf/installs/ruby/3.3.5/lib "clang -o conftest -I/Users/dixpac/.asdf/installs/ruby/3.3.5/include/ruby-3.3.0/arm64-darwin22 -I/Users/dixpac/.asdf/installs/ruby/3.3.5/include/ruby-3.3.0/ruby/backward -I/Users/dixpac/.asdf/installs/ruby/3.3.5/include/ruby-3.3.0 -Iext/page_print -I/opt/homebrew/opt/plutobook/include -D_XOPEN_SOURCE -D_DARWIN_C_SOURCE -D_DARWIN_UNLIMITED_SELECT -D_REENTRANT   -fdeclspec -O3 -fno-fast-math -ggdb3 -Wall -Wextra -Wextra-tokens -Wdeprecated-declarations -Wdivision-by-zero -Wdiv-by-zero -Wimplicit-function-declaration -Wimplicit-int -Wpointer-arith -Wshorten-64-to-32 -Wwrite-strings -Wold-style-definition -Wmissing-noreturn -Wno-cast-function-type -Wno-constant-logical-operand -Wno-long-long -Wno-missing-field-initializers -Wno-overlength-strings -Wno-parentheses-equality -Wno-self-assign -Wno-tautological-compare -Wno-unused-parameter -Wno-unused-value -Wunused-variable -Wmisleading-indentation -Wundef -fno-common -pipe conftest.c  -L. -L/Users/dixpac/.asdf/installs/ruby/3.3.5/lib -L/opt/homebrew/opt/plutobook/lib -L. -fstack-protector-strong -L/opt/homebrew/opt/gmp/lib  -arch arm64   -lruby.3.3 -lplutobook  -lpthread  "
conftest.c:14:57: error: use of undeclared identifier 'plutobook_version_string'
int t(void) { void ((*volatile p)()); p = (void ((*)()))plutobook_version_string; return !p; }
                                                        ^
1 error generated.
checked program was:
/* begin */
 1: #include "ruby.h"
 2: 
 3: /*top*/
 4: extern int t(void);
 5: int main(int argc, char **argv)
 6: {
 7:   if (argc > 1000000) {
 8:     int (* volatile tp)(void)=(int (*)(void))&t;
 9:     printf("%d", (*tp)());
10:   }
11: 
12:   return !!argv[argc];
13: }
14: int t(void) { void ((*volatile p)()); p = (void ((*)()))plutobook_version_string; return !p; }
/* end */

DYLD_LIBRARY_PATH=.:/Users/dixpac/.asdf/installs/ruby/3.3.5/lib "clang -o conftest -I/Users/dixpac/.asdf/installs/ruby/3.3.5/include/ruby-3.3.0/arm64-darwin22 -I/Users/dixpac/.asdf/installs/ruby/3.3.5/include/ruby-3.3.0/ruby/backward -I/Users/dixpac/.asdf/installs/ruby/3.3.5/include/ruby-3.3.0 -Iext/page_print -I/opt/homebrew/opt/plutobook/include -D_XOPEN_SOURCE -D_DARWIN_C_SOURCE -D_DARWIN_UNLIMITED_SELECT -D_REENTRANT   -fdeclspec -O3 -fno-fast-math -ggdb3 -Wall -Wextra -Wextra-tokens -Wdeprecated-declarations -Wdivision-by-zero -Wdiv-by-zero -Wimplicit-function-declaration -Wimplicit-int -Wpointer-arith -Wshorten-64-to-32 -Wwrite-strings -Wold-style-definition -Wmissing-noreturn -Wno-cast-function-type -Wno-constant-logical-operand -Wno-long-long -Wno-missing-field-initializers -Wno-overlength-strings -Wno-parentheses-equality -Wno-self-assign -Wno-tautological-compare -Wno-unused-parameter -Wno-unused-value -Wunused-variable -Wmisleading-indentation -Wundef -fno-common -pipe conftest.c  -L. -L/Users/dixpac/.asdf/installs/ruby/3.3.5/lib -L/opt/homebrew/opt/plutobook/lib -L. -fstack-protector-strong -L/opt/homebrew/opt/gmp/lib  -arch arm64   -lruby.3.3 -lplutobook  -lpthread  "
ld: warning: dylib (/opt/homebrew/opt/plutobook/lib/libplutobook.dylib) was built for newer macOS version (26.0) than being linked (13.3)
checked program was:
/* begin */
 1: #include "ruby.h"
 2: 
 3: /*top*/
 4: extern int t(void);
 5: int main(int argc, char **argv)
 6: {
 7:   if (argc > 1000000) {
 8:     int (* volatile tp)(void)=(int (*)(void))&t;
 9:     printf("%d", (*tp)());
10:   }
11: 
12:   return !!argv[argc];
13: }
14: extern void plutobook_version_string();
15: int t(void) { plutobook_version_string(); return 0; }
/* end */

--------------------

